SQL> @nba.sql
SQL> SET ECHO ON
SQL> 
SQL> -- Drop the tables if they are already there.
SQL> -- OK to get an Oracle error if the table(s) not found (if running script for the first time)
SQL> drop table  TEAM_PLAYER_ARENA;

Table dropped.

SQL> drop table  TEAM;

Table dropped.

SQL> drop table  PLAYER;

Table dropped.

SQL> drop table  ARENA;

Table dropped.

SQL> 
SQL> 
SQL> -- Create the tables, views, constraints, etc..
SQL> 
SQL> -- Create the TEAM table
SQL> CREATE TABLE  TEAM (    Team_ID		     INTEGER,
  2  					     Tname	     VARCHAR(15),
  3  					     Rank	     INTEGER,
  4  					     City	     VARCHAR(20),
  5  				     Championships   INTEGER,
  6  						     PRIMARY KEY (Team_id)
  7  				     );

Table created.

SQL> 
SQL> -- Create the PLAYER table
SQL> CREATE TABLE  PLAYER(   Player_ID	     INTEGER,
  2  						     Pname	     VARCHAR(30),
  3  						     Position	     VARCHAR(20),
  4  						     Draft_year      INTEGER,
  5  			     Retire_year INTEGER,
  6  						     Education	     VARCHAR(30),
  7  						     PRIMARY KEY(Player_ID)
  8  				     );

Table created.

SQL> 
SQL> -- Create the ARENA table
SQL> CREATE TABLE  ARENA(    ARENA_ID	     INTEGER,
  2  						     Aname	     VARCHAR(20),
  3  						     City	     VARCHAR(20),
  4  						     PRIMARY KEY(ARENA_ID)
  5  				     );

Table created.

SQL> 
SQL> -- Create the TEAM_PLAYER_ARENA  table
SQL> CREATE TABLE TEAM_PLAYER_ARENA (	     Team_ID	     INTEGER,
  2  									     Player_ID	     INTEGER,
  3  									     ARENA_ID	     INTEGER,
  4  									     Points	     INTEGER,
  5  									     PRIMARY KEY(Team_ID, Player_ID, ARENA_ID),
  6  									     FOREIGN KEY(Team_ID)    REFERENCES TEAM,
  7  									     FOREIGN KEY(Player_ID)  REFERENCES PLAYER,
  8  									     FOREIGN KEY(ARENA_ID)   REFERENCES ARENA
  9  				     );

Table created.

SQL> 
SQL> -- Ensure all data is removed from the tables
SQL> truncate table TEAM_PLAYER_ARENA;

Table truncated.

SQL> delete from TEAM;

0 rows deleted.

SQL> delete from PLAYER;

0 rows deleted.

SQL> delete from ARENA;

0 rows deleted.

SQL> 
SQL> 
SQL> -- INSERT THE DATA WITH NAMED FIELDS (notice that the fields are not in the order the table was created)
SQL> 
SQL> insert into     Team    (Tname,	     Rank , City, Championships, Team_ID)
  2  values( 'Clippers'  , 6 ,	     'LA'	   , 0 , 1  );

1 row created.

SQL> insert into     Team    (Tname,	     Rank , City, Championships, Team_ID)
  2  values( 'Bulls'	 , 5 ,	     'Chicago'	   , 6,      2	);

1 row created.

SQL> insert into     Team    (Tname,	     Rank , City, Championships, Team_ID)
  2  values('Hornets'	, 9 ,	     'Charlotte'   , 0,      3	);

1 row created.

SQL> insert into     Team    (Tname,	     Rank , City, Championships, Team_ID)
  2  values('Blazers'	, 2 ,	     'Portland'    , 0,      4	);

1 row created.

SQL> insert into     Team    (Tname,	     Rank , City, Championships, Team_ID)
  2  values('Spurs'	, 7 ,	     'San Antonio' , 5,      5	);

1 row created.

SQL> insert into     Team    (Tname,	     Rank , City, Championships, Team_ID)
  2  values('Mavericks' , 4 ,	     'Dallas'	   , 1,      6	);

1 row created.

SQL> 
SQL> -- INSERT THE DATA WITH ORDER OF FIELDS
SQL> insert into     PLAYER  values( 1 ,  'Chris Paul'		     ,	     'Small Forward' , 2005,  null,  'Wake Forest'	  );

1 row created.

SQL> insert into     PLAYER  values( 2 ,  'Tony Parker' 	     ,	     'Point guard'   , 2001,  null,  'INSEP'		      );

1 row created.

SQL> insert into     PLAYER  values( 3 ,  'Marco Belinelli'  ,	     'Shooting guard', 2007,  null,  'San Giovanni'	  );

1 row created.

SQL> insert into     PLAYER  values( 4 ,  'Gary Neal'		     ,	     'Power Forward' , 2007,  null,  'La Salle University');

1 row created.

SQL> insert into     PLAYER  values( 5 ,  'Kawhi Leonard'    ,	     'Forward'		     , 2011,  null,  'San Diego State'	  );

1 row created.

SQL> insert into     PLAYER  values( 6 ,  'Patty Mills' 	     ,	     'Point guard'   , 2009,  null,  'Marist College'	  );

1 row created.

SQL> insert into     PLAYER  values( 7 ,  'Tyson Chandler'   ,	     'Center'		     , 2001,  null,  'Dominguez'	  );

1 row created.

SQL> insert into     PLAYER  values( 8 ,  'Derek Fisher'	     ,	     'Shooting guard', 1996,  2014,  'Arkansas' 	      );

1 row created.

SQL> 
SQL> --  -------------------------------------
SQL> 
SQL> insert into     ARENA   values( 1 ,     'American Airlines' ,   'Miami'	  );

1 row created.

SQL> insert into     ARENA   values( 2 ,     'Moda Center'	 ,   'Portland'   );

1 row created.

SQL> insert into     ARENA   values( 3 ,     'Staples Center'	 ,   'LA'	  );

1 row created.

SQL> insert into     ARENA   values( 4 ,     'United Center'	 ,   'Chicago'	  );

1 row created.

SQL> insert into     ARENA   values( 5 ,     'TD Garden'	 ,   'Boston'	  );

1 row created.

SQL> insert into     ARENA   values( 6 ,     'ATT Center'	 ,   'San Antonio');

1 row created.

SQL> insert into     ARENA   values( 7 ,     'Philips Arena'	 ,   'Atlanta'	  );

1 row created.

SQL> 
SQL> --  ---------------------------------------------------------------------
SQL> 
SQL> insert into     TEAM_PLAYER_ARENA	 values( 1 ,	     1 ,     1 ,     20  );

1 row created.

SQL> insert into     TEAM_PLAYER_ARENA	     values( 1 ,     1 ,     4 ,     17  );

1 row created.

SQL> insert into     TEAM_PLAYER_ARENA	     values( 2 ,     3 ,     1 ,     32  );

1 row created.

SQL> insert into     TEAM_PLAYER_ARENA	     values( 2 ,     3 ,     2 ,     22  );

1 row created.

SQL> insert into     TEAM_PLAYER_ARENA	     values( 2 ,     3 ,     3 ,     13  );

1 row created.

SQL> insert into     TEAM_PLAYER_ARENA	     values( 2 ,     3 ,     4 ,     25  );

1 row created.

SQL> insert into     TEAM_PLAYER_ARENA	     values( 2 ,     3 ,     5 ,     06  );

1 row created.

SQL> insert into     TEAM_PLAYER_ARENA	     values( 2 ,     3 ,     6 ,     14  );

1 row created.

SQL> insert into     TEAM_PLAYER_ARENA	     values( 2 ,     3 ,     7 ,     18  );

1 row created.

SQL> insert into     TEAM_PLAYER_ARENA	     values( 2 ,     5 ,     2 ,     11  );

1 row created.

SQL> insert into     TEAM_PLAYER_ARENA	     values( 3 ,     3 ,     1 ,     20  );

1 row created.

SQL> insert into     TEAM_PLAYER_ARENA	     values( 3 ,     4 ,     2 ,     05  );

1 row created.

SQL> insert into     TEAM_PLAYER_ARENA	     values( 4 ,     6 ,     3 ,     23  );

1 row created.

SQL> insert into     TEAM_PLAYER_ARENA	     values( 4 ,     6 ,     7 ,     18  );

1 row created.

SQL> insert into     TEAM_PLAYER_ARENA	     values( 5 ,     2 ,     2 ,     24  );

1 row created.

SQL> insert into     TEAM_PLAYER_ARENA	     values( 5 ,     2 ,     4 ,     10  );

1 row created.

SQL> insert into     TEAM_PLAYER_ARENA	     values( 5 ,     5 ,     5 ,     25  );

1 row created.

SQL> insert into     TEAM_PLAYER_ARENA	     values( 5 ,     5 ,     7 ,     16  );

1 row created.

SQL> insert into     TEAM_PLAYER_ARENA	     values( 5 ,     6 ,     2 ,     24  );

1 row created.

SQL> insert into     TEAM_PLAYER_ARENA	     values( 5 ,     1 ,     4 ,     33  );

1 row created.

SQL> insert into     TEAM_PLAYER_ARENA	     values( 5 ,     3 ,     4 ,     31  );

1 row created.

SQL> insert into     TEAM_PLAYER_ARENA	     values( 5 ,     4 ,     4 ,     26  );

1 row created.

SQL> insert into     TEAM_PLAYER_ARENA	     values( 5 ,     5 ,     4 ,     14  );

1 row created.

SQL> insert into     TEAM_PLAYER_ARENA	     values( 5 ,     6 ,     4 ,     05  );

1 row created.

SQL> 
SQL> -- COMMIT and save data
SQL> COMMIT;

Commit complete.

SQL> 
SQL> @test.sql
SQL> select player_id, pname
  2  from player
  3  where draft_year > 2000 and position = 'Point guard';

 PLAYER_ID PNAME                                                                                                                                                                                                                                                                                            
---------- ------------------------------                                                                                                                                                                                                                                                                   
         2 Tony Parker                                                                                                                                                                                                                                                                                      
         6 Patty Mills                                                                                                                                                                                                                                                                                      

SQL> 
SQL> select a.aname, a.city from arena a
  2  join
  3  team_player_arena tpa on a.arena_id = tpa.arena_id
  4  join
  5  team t on tpa.team_id = t.team_id where t.city = 'LA';

ANAME                CITY                                                                                                                                                                                                                                                                                   
-------------------- --------------------                                                                                                                                                                                                                                                                   
American Airlines    Miami                                                                                                                                                                                                                                                                                  
United Center        Chicago                                                                                                                                                                                                                                                                                

SQL> 
SQL> select aname, city from arena where arena_id in
  2  (select arena_id from team_player_arena where team_id in
  3  (select team_id from team where city = 'LA'));

ANAME                CITY                                                                                                                                                                                                                                                                                   
-------------------- --------------------                                                                                                                                                                                                                                                                   
American Airlines    Miami                                                                                                                                                                                                                                                                                  
United Center        Chicago                                                                                                                                                                                                                                                                                

SQL> 
SQL> -- number 3
SQL> -- one-way:
SQL> select aname from arena a
  2  join
  3  team_player_arena tpa on a.arena_id = tpa.arena_id
  4  join
  5  team t on tpa.team_id = t.team_id
  6  join
  7  player p on tpa.player_id = p.player_id where p.position = 'Shooting guard' and t.city = 'Charlotte';

ANAME                                                                                                                                                                                                                                                                                                       
--------------------                                                                                                                                                                                                                                                                                        
American Airlines                                                                                                                                                                                                                                                                                           

SQL> 
SQL> -- two-way:
SQL> select aname from arena where arena_id in
  2  (select arena_id from team_player_arena where team_id in
  3  (select team_id from team where city = 'Charlotte') and
  4  player_id in (select player_id from player where position = 'Shooting guard'));

ANAME                                                                                                                                                                                                                                                                                                       
--------------------                                                                                                                                                                                                                                                                                        
American Airlines                                                                                                                                                                                                                                                                                           

SQL> 
SQL> select pname
  2  from player
  3  where pname like '%on%';

PNAME                                                                                                                                                                                                                                                                                                       
------------------------------                                                                                                                                                                                                                                                                              
Tony Parker                                                                                                                                                                                                                                                                                                 
Kawhi Leonard                                                                                                                                                                                                                                                                                               
Tyson Chandler                                                                                                                                                                                                                                                                                              

SQL> 
SQL> select aname from arena a
  2  join
  3  team_player_arena tpa on a.arena_id = tpa.arena_id
  4  join
  5  team t on tpa.team_id = t.team_id
  6  join
  7  player p on tpa.player_id = p.player_id where t.city = 'Charlotte' and p.position <> 'Shooting guard';

ANAME                                                                                                                                                                                                                                                                                                       
--------------------                                                                                                                                                                                                                                                                                        
Moda Center                                                                                                                                                                                                                                                                                                 

SQL> 
SQL> select player_id, avg(points) from team_player_arena
  2  group by player_id
  3  having avg(points) > (select avg(points) from team_player_arena where arena_id = 1);

no rows selected

SQL> 
SQL> select aname, city from arena where arena_id in
  2  (select arena_id from team_player_arena where team_id in
  3  (select team_id from team where tname <> 'Bulls'));

ANAME                CITY                                                                                                                                                                                                                                                                                   
-------------------- --------------------                                                                                                                                                                                                                                                                   
American Airlines    Miami                                                                                                                                                                                                                                                                                  
Moda Center          Portland                                                                                                                                                                                                                                                                               
Staples Center       LA                                                                                                                                                                                                                                                                                     
United Center        Chicago                                                                                                                                                                                                                                                                                
TD Garden            Boston                                                                                                                                                                                                                                                                                 
Philips Arena        Atlanta                                                                                                                                                                                                                                                                                

6 rows selected.

SQL> 
SQL> select pname
  2  from player
  3  where retire_year IS NOT NULL;

PNAME                                                                                                                                                                                                                                                                                                       
------------------------------                                                                                                                                                                                                                                                                              
Derek Fisher                                                                                                                                                                                                                                                                                                

SQL> 
SQL> select a.city from arena a
  2  join
  3  team_player_arena tpa on a.arena_id = tpa.arena_id
  4  join
  5  player p on tpa.player_id = p.player_id where p.pname like 'T%';

CITY                                                                                                                                                                                                                                                                                                        
--------------------                                                                                                                                                                                                                                                                                        
Portland                                                                                                                                                                                                                                                                                                    
Chicago                                                                                                                                                                                                                                                                                                     

SQL> 
SQL> 
SQL> end
SP2-0042: unknown command "end" - rest of line ignored.
SQL> exit
